// Jest Snapshot v1, https://goo.gl/fbAQLP

exports[`Home component renders correctly and matches the snapshot 1`] = `
<DocumentFragment>
  <div
    class="container"
  >
    <div
      class="home-page"
    >
      <div>
        Search Component
      </div>
      <div>
        Gallery Component
      </div>
    </div>
  </div>
</DocumentFragment>
`;
